nabmd hkrdenq 1930344093

Reading .pdb file (hkrdenq/hkrdenq.pdb)
Reading .prm file (hkrdenq/hkrdenq.prm)
title:
                                                                                
      iter    Total       bad      vdW     elect   nonpolar   genBorn      frms
ff:     0   -680.86     60.62    -21.42   -258.66      0.00   -461.40  3.44e-01
Initial energy is -680.8606420
Starting molecular dynamics with Born solvation energy...

      iter    Total       bad      vdW     elect   nonpolar   genBorn      frms
ff:     0   -680.86     60.62    -21.42   -258.66      0.00   -461.40  3.44e-01
md:           1      0.001      17.70    -679.39    -661.69      47.89
ff:   100   -667.14     76.10    -22.21   -255.06      0.00   -465.98  7.11e+00
md:         100      0.100      17.39    -667.14    -649.76      47.04
ff:   200   -659.74     77.35    -18.78   -257.93      0.00   -460.38  9.39e+00
md:         200      0.200      19.41    -659.74    -640.33      52.52
ff:   300   -658.98     84.28    -20.08   -256.33      0.00   -466.85  8.59e+00
md:         300      0.300      25.55    -658.98    -633.43      69.11
ff:   400   -655.27     81.48    -19.28   -255.95      0.00   -461.52  1.00e+01
md:         400      0.400      27.45    -655.27    -627.82      74.26
ff:   500   -654.64     83.04    -19.23   -261.03      0.00   -457.43  1.02e+01
md:         500      0.500      31.14    -654.64    -623.51      84.24
ff:   600   -651.04     88.07    -16.95   -263.36      0.00   -458.80  1.08e+01
md:         600      0.600      30.65    -651.04    -620.39      82.91
ff:   700   -650.31     83.86    -16.67   -254.28      0.00   -463.22  1.12e+01
md:         700      0.700      32.25    -650.31    -618.07      87.24
ff:   800   -649.11     89.10    -19.67   -258.99      0.00   -459.55  1.06e+01
md:         800      0.800      33.13    -649.11    -615.98      89.63
ff:   900   -648.51     84.70    -17.82   -262.76      0.00   -452.63  1.16e+01
md:         900      0.900      34.39    -648.51    -614.12      93.04
ff:  1000   -647.23     90.62    -18.38   -271.21      0.00   -448.26  1.22e+01
md:        1000      1.000      34.00    -647.23    -613.23      91.98

...Done, md returns 0
      iter    Total       bad      vdW     elect   nonpolar   genBorn      frms
ff:     0   -198.97     90.62    -18.38   -271.21      0.00      0.00  1.39e+01
Initial energy is -198.9739930
Starting molecular dynamics with in vaccuo non-bonded energy...

      iter    Total       bad      vdW     elect   nonpolar   genBorn      frms
ff:     0   -198.97     90.62    -18.38   -271.21      0.00      0.00  1.39e+01
md:           1      1.001      20.09    -200.57    -180.48      54.36
ff:   100   -269.93    115.57     -0.27   -385.23      0.00      0.00  1.15e+01
md:         100      1.100      79.74    -269.93    -190.20     215.72
ff:   200   -317.29    139.80      2.91   -460.00      0.00      0.00  1.03e+01
md:         200      1.200      99.68    -317.29    -217.61     269.69
ff:   300   -345.01    163.56      9.94   -518.51      0.00      0.00  1.06e+01
md:         300      1.300      94.23    -345.01    -250.78     254.94
ff:   400   -380.99    138.83     -0.35   -519.47      0.00      0.00  9.83e+00
md:         400      1.400      97.95    -380.99    -283.04     265.01
ff:   500   -387.75    152.00     21.45   -561.20      0.00      0.00  1.04e+01
md:         500      1.500      77.06    -387.75    -310.70     208.48
ff:   600   -434.54    147.25      9.33   -591.11      0.00      0.00  9.06e+00
md:         600      1.600      98.29    -434.54    -336.25     265.92
ff:   700   -439.55    162.29    -10.87   -590.97      0.00      0.00  9.20e+00
md:         700      1.700      77.13    -439.55    -362.42     208.68
ff:   800   -452.98    150.84     11.47   -615.30      0.00      0.00  8.58e+00
md:         800      1.800      72.77    -452.98    -380.21     196.88
ff:   900   -465.86    134.37     -2.00   -598.24      0.00      0.00  7.55e+00
md:         900      1.900      68.05    -465.86    -397.82     184.10
ff:  1000   -471.99    133.17     12.67   -617.83      0.00      0.00  8.28e+00
md:        1000      2.000      60.02    -471.99    -411.98     162.38

...Done, md returns 0
